A DAMP MAINTENANCE CLOSET. IT SMELLS OF RUST AND
DISAPPOINTMENT. EXITS: NORTH
THERE IS A MOP HERE.

WHAT NOW? GET MOP
TAKEN.

WHAT NOW? I
YOU ARE CARRYING:
  MOP

WHAT NOW? N
DILAPIDATED PROMENADE. A NEON TUBE FLICKERS. EXITS: SOUTH,
EAST, WEST, UP, DOWN

WHAT NOW? XYZZY
I DON'T UNDERSTAND THAT.

WHAT NOW? W
RUSTY JUNKYARD. PILES OF GARBAGE EVERYWHERE. EXITS: NORTH,
SOUTH, EAST
THERE IS A FORM HERE.

WHAT NOW? GET FORM
TAKEN.

WHAT NOW? EXAMINE FORM
FORM 27B/6: REQUEST FOR MAINTENANCE TIER 2 ACCESS.

WHAT NOW? READ FORM
FORM 27B/6: REQUEST FOR MAINTENANCE TIER 2 ACCESS.

WHAT NOW? N
SPARKY'S NOOK. A SENTIENT TOASTER SITS ON A CRATE HERE. EXITS:
SOUTH
THERE IS A COIN HERE.

WHAT NOW? TALK TOASTER
SPARKY SAYS: 'GIVE THE COIN TO THE ORACLE TO REVEAL THE CORE!'

WHAT NOW? GET COIN
TAKEN.

WHAT NOW? S
RUSTY JUNKYARD. PILES OF GARBAGE EVERYWHERE. EXITS: NORTH,
SOUTH, EAST

WHAT NOW? S
THE VENDING MACHINE ORACLE'S DOMAIN. THE MACHINE HUMS. EXITS:
NORTH

WHAT NOW? GIVE COIN
THE ORACLE CHUGS THE COIN. THE PATH DOWN IS NOW OPEN!

WHAT NOW? N
RUSTY JUNKYARD. PILES OF GARBAGE EVERYWHERE. EXITS: NORTH,
SOUTH, EAST

WHAT NOW? E
DILAPIDATED PROMENADE. A NEON TUBE FLICKERS. EXITS: SOUTH,
EAST, WEST, UP, DOWN

WHAT NOW? U
ABANDONED DOCKING BAY. A TRANSPORT SHIP RESTS HERE. EXITS: DOWN

WHAT NOW? USE SHIP
THE SHIP IS BROKEN. MAYBE IF YOU HAD A TOOL...

WHAT NOW? USE MOP
YOU JAM THE MOP INTO THE IGNITION. IT SPUTTERS TO LIFE! YOU
LAUNCH!

WHAT NOW? LOOK

YOU ESCAPE THE STATION WITH SPARKY. ENDING 3: THE ESCAPIST
TRIUMPH.
exit=0
